Archive member included to satisfy reference by file (symbol)

/opt/st/stm32cubeide_1.5.0/plugins/com.st.stm32cube.ide.mcu.externaltools.gnu-tools-for-stm32.7-2018-q2-update.linux64_1.5.0.202011040924/tools/bin/../lib/gcc/arm-none-eabi/7.3.1/../../../../arm-none-eabi/lib/thumb/v7e-m/fpv4-sp/hard/libc_nano.a(lib_a-errno.o)
                              Core/Src/syscalls.o (__errno)
/opt/st/stm32cubeide_1.5.0/plugins/com.st.stm32cube.ide.mcu.externaltools.gnu-tools-for-stm32.7-2018-q2-update.linux64_1.5.0.202011040924/tools/bin/../lib/gcc/arm-none-eabi/7.3.1/../../../../arm-none-eabi/lib/thumb/v7e-m/fpv4-sp/hard/libc_nano.a(lib_a-exit.o)
                              /opt/st/stm32cubeide_1.5.0/plugins/com.st.stm32cube.ide.mcu.externaltools.gnu-tools-for-stm32.7-2018-q2-update.linux64_1.5.0.202011040924/tools/bin/../lib/gcc/arm-none-eabi/7.3.1/../../../../arm-none-eabi/lib/thumb/v7e-m/fpv4-sp/hard/crt0.o (exit)
/opt/st/stm32cubeide_1.5.0/plugins/com.st.stm32cube.ide.mcu.externaltools.gnu-tools-for-stm32.7-2018-q2-update.linux64_1.5.0.202011040924/tools/bin/../lib/gcc/arm-none-eabi/7.3.1/../../../../arm-none-eabi/lib/thumb/v7e-m/fpv4-sp/hard/libc_nano.a(lib_a-impure.o)
                              /opt/st/stm32cubeide_1.5.0/plugins/com.st.stm32cube.ide.mcu.externaltools.gnu-tools-for-stm32.7-2018-q2-update.linux64_1.5.0.202011040924/tools/bin/../lib/gcc/arm-none-eabi/7.3.1/../../../../arm-none-eabi/lib/thumb/v7e-m/fpv4-sp/hard/libc_nano.a(lib_a-exit.o) (_global_impure_ptr)
/opt/st/stm32cubeide_1.5.0/plugins/com.st.stm32cube.ide.mcu.externaltools.gnu-tools-for-stm32.7-2018-q2-update.linux64_1.5.0.202011040924/tools/bin/../lib/gcc/arm-none-eabi/7.3.1/../../../../arm-none-eabi/lib/thumb/v7e-m/fpv4-sp/hard/libc_nano.a(lib_a-init.o)
                              /opt/st/stm32cubeide_1.5.0/plugins/com.st.stm32cube.ide.mcu.externaltools.gnu-tools-for-stm32.7-2018-q2-update.linux64_1.5.0.202011040924/tools/bin/../lib/gcc/arm-none-eabi/7.3.1/../../../../arm-none-eabi/lib/thumb/v7e-m/fpv4-sp/hard/crt0.o (__libc_init_array)
/opt/st/stm32cubeide_1.5.0/plugins/com.st.stm32cube.ide.mcu.externaltools.gnu-tools-for-stm32.7-2018-q2-update.linux64_1.5.0.202011040924/tools/bin/../lib/gcc/arm-none-eabi/7.3.1/../../../../arm-none-eabi/lib/thumb/v7e-m/fpv4-sp/hard/libc_nano.a(lib_a-memset.o)
                              /opt/st/stm32cubeide_1.5.0/plugins/com.st.stm32cube.ide.mcu.externaltools.gnu-tools-for-stm32.7-2018-q2-update.linux64_1.5.0.202011040924/tools/bin/../lib/gcc/arm-none-eabi/7.3.1/../../../../arm-none-eabi/lib/thumb/v7e-m/fpv4-sp/hard/crt0.o (memset)
/opt/st/stm32cubeide_1.5.0/plugins/com.st.stm32cube.ide.mcu.externaltools.gnu-tools-for-stm32.7-2018-q2-update.linux64_1.5.0.202011040924/tools/bin/../lib/gcc/arm-none-eabi/7.3.1/thumb/v7e-m/fpv4-sp/hard/libgcc.a(_aeabi_uldivmod.o)
                              Drivers/STM32F4xx_HAL_Driver/Src/stm32f4xx_hal_rcc.o (__aeabi_uldivmod)
/opt/st/stm32cubeide_1.5.0/plugins/com.st.stm32cube.ide.mcu.externaltools.gnu-tools-for-stm32.7-2018-q2-update.linux64_1.5.0.202011040924/tools/bin/../lib/gcc/arm-none-eabi/7.3.1/thumb/v7e-m/fpv4-sp/hard/libgcc.a(_udivmoddi4.o)
                              /opt/st/stm32cubeide_1.5.0/plugins/com.st.stm32cube.ide.mcu.externaltools.gnu-tools-for-stm32.7-2018-q2-update.linux64_1.5.0.202011040924/tools/bin/../lib/gcc/arm-none-eabi/7.3.1/thumb/v7e-m/fpv4-sp/hard/libgcc.a(_aeabi_uldivmod.o) (__udivmoddi4)
/opt/st/stm32cubeide_1.5.0/plugins/com.st.stm32cube.ide.mcu.externaltools.gnu-tools-for-stm32.7-2018-q2-update.linux64_1.5.0.202011040924/tools/bin/../lib/gcc/arm-none-eabi/7.3.1/thumb/v7e-m/fpv4-sp/hard/libgcc.a(_dvmd_tls.o)
                              /opt/st/stm32cubeide_1.5.0/plugins/com.st.stm32cube.ide.mcu.externaltools.gnu-tools-for-stm32.7-2018-q2-update.linux64_1.5.0.202011040924/tools/bin/../lib/gcc/arm-none-eabi/7.3.1/thumb/v7e-m/fpv4-sp/hard/libgcc.a(_aeabi_uldivmod.o) (__aeabi_ldiv0)

Allocating common symbols
Common symbol       size              file

uwTick              0x4               Drivers/STM32F4xx_HAL_Driver/Src/stm32f4xx_hal.o
pFlash              0x20              Drivers/STM32F4xx_HAL_Driver/Src/stm32f4xx_hal_flash.o
hspi1               0x58              Core/Src/main.o

Discarded input sections

 .text          0x0000000000000000        0x0 /opt/st/stm32cubeide_1.5.0/plugins/com.st.stm32cube.ide.mcu.externaltools.gnu-tools-for-stm32.7-2018-q2-update.linux64_1.5.0.202011040924/tools/bin/../lib/gcc/arm-none-eabi/7.3.1/thumb/v7e-m/fpv4-sp/hard/crti.o
 .data          0x0000000000000000        0x0 /opt/st/stm32cubeide_1.5.0/plugins/com.st.stm32cube.ide.mcu.externaltools.gnu-tools-for-stm32.7-2018-q2-update.linux64_1.5.0.202011040924/tools/bin/../lib/gcc/arm-none-eabi/7.3.1/thumb/v7e-m/fpv4-sp/hard/crti.o
[...]
Memory Configuration

Name             Origin             Length             Attributes
CCMRAM           0x0000000010000000 0x0000000000010000 xrw
RAM              0x0000000020000000 0x0000000000020000 xrw
FLASH            0x0000000008000000 0x0000000000100000 xr
*default*        0x0000000000000000 0xffffffffffffffff

Linker script and memory map

LOAD /opt/st/stm32cubeide_1.5.0/plugins/com.st.stm32cube.ide.mcu.externaltools.gnu-tools-for-stm32.7-2018-q2-update.linux64_1.5.0.202011040924/tools/bin/../lib/gcc/arm-none-eabi/7.3.1/thumb/v7e-m/fpv4-sp/hard/crti.o
LOAD /opt/st/stm32cubeide_1.5.0/plugins/com.st.stm32cube.ide.mcu.externaltools.gnu-tools-for-stm32.7-2018-q2-update.linux64_1.5.0.202011040924/tools/bin/../lib/gcc/arm-none-eabi/7.3.1/thumb/v7e-m/fpv4-sp/hard/crtbegin.o
LOAD /opt/st/stm32cubeide_1.5.0/plugins/com.st.stm32cube.ide.mcu.externaltools.gnu-tools-for-stm32.7-2018-q2-update.linux64_1.5.0.202011040924/tools/bin/../lib/gcc/arm-none-eabi/7.3.1/../../../../arm-none-eabi/lib/thumb/v7e-m/fpv4-sp/hard/crt0.o
LOAD Core/Src/main.o
LOAD Core/Src/stm32f4xx_hal_msp.o
LOAD Core/Src/stm32f4xx_it.o
LOAD Core/Src/syscalls.o
LOAD Core/Src/sysmem.o
LOAD Core/Src/system_stm32f4xx.o
LOAD Core/Startup/startup_stm32f407vgtx.o
LOAD Drivers/STM32F4xx_HAL_Driver/Src/stm32f4xx_hal.o
LOAD Drivers/STM32F4xx_HAL_Driver/Src/stm32f4xx_hal_cortex.o
LOAD Drivers/STM32F4xx_HAL_Driver/Src/stm32f4xx_hal_dma.o
LOAD Drivers/STM32F4xx_HAL_Driver/Src/stm32f4xx_hal_dma_ex.o
LOAD Drivers/STM32F4xx_HAL_Driver/Src/stm32f4xx_hal_exti.o
LOAD Drivers/STM32F4xx_HAL_Driver/Src/stm32f4xx_hal_flash.o
LOAD Drivers/STM32F4xx_HAL_Driver/Src/stm32f4xx_hal_flash_ex.o
LOAD Drivers/STM32F4xx_HAL_Driver/Src/stm32f4xx_hal_flash_ramfunc.o
LOAD Drivers/STM32F4xx_HAL_Driver/Src/stm32f4xx_hal_gpio.o
LOAD Drivers/STM32F4xx_HAL_Driver/Src/stm32f4xx_hal_pwr.o
LOAD Drivers/STM32F4xx_HAL_Driver/Src/stm32f4xx_hal_pwr_ex.o
LOAD Drivers/STM32F4xx_HAL_Driver/Src/stm32f4xx_hal_rcc.o
LOAD Drivers/STM32F4xx_HAL_Driver/Src/stm32f4xx_hal_rcc_ex.o
LOAD Drivers/STM32F4xx_HAL_Driver/Src/stm32f4xx_hal_spi.o
LOAD Drivers/STM32F4xx_HAL_Driver/Src/stm32f4xx_hal_tim.o
LOAD Drivers/STM32F4xx_HAL_Driver/Src/stm32f4xx_hal_tim_ex.o
LOAD ST7789/fonts.o
LOAD ST7789/st7789.o
START GROUP
LOAD /opt/st/stm32cubeide_1.5.0/plugins/com.st.stm32cube.ide.mcu.externaltools.gnu-tools-for-stm32.7-2018-q2-update.linux64_1.5.0.202011040924/tools/bin/../lib/gcc/arm-none-eabi/7.3.1/../../../../arm-none-eabi/lib/thumb/v7e-m/fpv4-sp/hard/libstdc++_nano.a
LOAD /opt/st/stm32cubeide_1.5.0/plugins/com.st.stm32cube.ide.mcu.externaltools.gnu-tools-for-stm32.7-2018-q2-update.linux64_1.5.0.202011040924/tools/bin/../lib/gcc/arm-none-eabi/7.3.1/../../../../arm-none-eabi/lib/thumb/v7e-m/fpv4-sp/hard/libsupc++_nano.a
END GROUP
LOAD /opt/st/stm32cubeide_1.5.0/plugins/com.st.stm32cube.ide.mcu.externaltools.gnu-tools-for-stm32.7-2018-q2-update.linux64_1.5.0.202011040924/tools/bin/../lib/gcc/arm-none-eabi/7.3.1/../../../../arm-none-eabi/lib/thumb/v7e-m/fpv4-sp/hard/libstdc++_nano.a
LOAD /opt/st/stm32cubeide_1.5.0/plugins/com.st.stm32cube.ide.mcu.externaltools.gnu-tools-for-stm32.7-2018-q2-update.linux64_1.5.0.202011040924/tools/bin/../lib/gcc/arm-none-eabi/7.3.1/../../../../arm-none-eabi/lib/thumb/v7e-m/fpv4-sp/hard/libm.a
LOAD /opt/st/stm32cubeide_1.5.0/plugins/com.st.stm32cube.ide.mcu.externaltools.gnu-tools-for-stm32.7-2018-q2-update.linux64_1.5.0.202011040924/tools/bin/../lib/gcc/arm-none-eabi/7.3.1/../../../../arm-none-eabi/lib/thumb/v7e-m/fpv4-sp/hard/libc_nano.a
START GROUP
LOAD /opt/st/stm32cubeide_1.5.0/plugins/com.st.stm32cube.ide.mcu.externaltools.gnu-tools-for-stm32.7-2018-q2-update.linux64_1.5.0.202011040924/tools/bin/../lib/gcc/arm-none-eabi/7.3.1/thumb/v7e-m/fpv4-sp/hard/libgcc.a
LOAD /opt/st/stm32cubeide_1.5.0/plugins/com.st.stm32cube.ide.mcu.externaltools.gnu-tools-for-stm32.7-2018-q2-update.linux64_1.5.0.202011040924/tools/bin/../lib/gcc/arm-none-eabi/7.3.1/../../../../arm-none-eabi/lib/thumb/v7e-m/fpv4-sp/hard/libc_nano.a
END GROUP
START GROUP
LOAD /opt/st/stm32cubeide_1.5.0/plugins/com.st.stm32cube.ide.mcu.externaltools.gnu-tools-for-stm32.7-2018-q2-update.linux64_1.5.0.202011040924/tools/bin/../lib/gcc/arm-none-eabi/7.3.1/thumb/v7e-m/fpv4-sp/hard/libgcc.a
LOAD /opt/st/stm32cubeide_1.5.0/plugins/com.st.stm32cube.ide.mcu.externaltools.gnu-tools-for-stm32.7-2018-q2-update.linux64_1.5.0.202011040924/tools/bin/../lib/gcc/arm-none-eabi/7.3.1/../../../../arm-none-eabi/lib/thumb/v7e-m/fpv4-sp/hard/libc_nano.a
LOAD /opt/st/stm32cubeide_1.5.0/plugins/com.st.stm32cube.ide.mcu.externaltools.gnu-tools-for-stm32.7-2018-q2-update.linux64_1.5.0.202011040924/tools/bin/../lib/gcc/arm-none-eabi/7.3.1/../../../../arm-none-eabi/lib/thumb/v7e-m/fpv4-sp/hard/libnosys.a
END GROUP
START GROUP
LOAD /opt/st/stm32cubeide_1.5.0/plugins/com.st.stm32cube.ide.mcu.externaltools.gnu-tools-for-stm32.7-2018-q2-update.linux64_1.5.0.202011040924/tools/bin/../lib/gcc/arm-none-eabi/7.3.1/thumb/v7e-m/fpv4-sp/hard/libgcc.a
LOAD /opt/st/stm32cubeide_1.5.0/plugins/com.st.stm32cube.ide.mcu.externaltools.gnu-tools-for-stm32.7-2018-q2-update.linux64_1.5.0.202011040924/tools/bin/../lib/gcc/arm-none-eabi/7.3.1/../../../../arm-none-eabi/lib/thumb/v7e-m/fpv4-sp/hard/libc_nano.a
LOAD /opt/st/stm32cubeide_1.5.0/plugins/com.st.stm32cube.ide.mcu.externaltools.gnu-tools-for-stm32.7-2018-q2-update.linux64_1.5.0.202011040924/tools/bin/../lib/gcc/arm-none-eabi/7.3.1/../../../../arm-none-eabi/lib/thumb/v7e-m/fpv4-sp/hard/libnosys.a
END GROUP
LOAD /opt/st/stm32cubeide_1.5.0/plugins/com.st.stm32cube.ide.mcu.externaltools.gnu-tools-for-stm32.7-2018-q2-update.linux64_1.5.0.202011040924/tools/bin/../lib/gcc/arm-none-eabi/7.3.1/thumb/v7e-m/fpv4-sp/hard/crtend.o
LOAD /opt/st/stm32cubeide_1.5.0/plugins/com.st.stm32cube.ide.mcu.externaltools.gnu-tools-for-stm32.7-2018-q2-update.linux64_1.5.0.202011040924/tools/bin/../lib/gcc/arm-none-eabi/7.3.1/thumb/v7e-m/fpv4-sp/hard/crtn.o
                0x0000000020020000                _estack = (ORIGIN (RAM) + LENGTH (RAM))
                0x0000000000000200                _Min_Heap_Size = 0x200
                0x0000000000000400                _Min_Stack_Size = 0x400

.isr_vector     0x0000000008000000      0x188
                0x0000000008000000                . = ALIGN (0x4)
 *(.isr_vector)
 .isr_vector    0x0000000008000000      0x188 Core/Startup/startup_stm32f407vgtx.o
                0x0000000008000000                g_pfnVectors
                0x0000000008000188                . = ALIGN (0x4)

.text           0x0000000008000188     0x2c04
                0x0000000008000188                . = ALIGN (0x4)
 *(.text)
 .text          0x0000000008000188       0x40 /opt/st/stm32cubeide_1.5.0/plugins/com.st.stm32cube.ide.mcu.externaltools.gnu-tools-for-stm32.7-2018-q2-update.linux64_1.5.0.202011040924/tools/bin/../lib/gcc/arm-none-eabi/7.3.1/thumb/v7e-m/fpv4-sp/hard/crtbegin.o
 .text          0x00000000080001c8       0x30 /opt/st/stm32cubeide_1.5.0/plugins/com.st.stm32cube.ide.mcu.externaltools.gnu-tools-for-stm32.7-2018-q2-update.linux64_1.5.0.202011040924/tools/bin/../lib/gcc/arm-none-eabi/7.3.1/thumb/v7e-m/fpv4-sp/hard/libgcc.a(_aeabi_uldivmod.o)
                0x00000000080001c8                __aeabi_uldivmod
 .text          0x00000000080001f8      0x2cc /opt/st/stm32cubeide_1.5.0/plugins/com.st.stm32cube.ide.mcu.externaltools.gnu-tools-for-stm32.7-2018-q2-update.linux64_1.5.0.202011040924/tools/bin/../lib/gcc/arm-none-eabi/7.3.1/thumb/v7e-m/fpv4-sp/hard/libgcc.a(_udivmoddi4.o)
                0x00000000080001f8                __udivmoddi4
 .text          0x00000000080004c4        0x4 /opt/st/stm32cubeide_1.5.0/plugins/com.st.stm32cube.ide.mcu.externaltools.gnu-tools-for-stm32.7-2018-q2-update.linux64_1.5.0.202011040924/tools/bin/../lib/gcc/arm-none-eabi/7.3.1/thumb/v7e-m/fpv4-sp/hard/libgcc.a(_dvmd_tls.o)
                0x00000000080004c4                __aeabi_ldiv0
                0x00000000080004c4                __aeabi_idiv0
 *(.text*)
 .text.main     0x00000000080004c8       0x1e Core/Src/main.o
                0x00000000080004c8                main
 *fill*         0x00000000080004e6        0x2 
 .text.SystemClock_Config
                0x00000000080004e8       0xd4 Core/Src/main.o
                0x00000000080004e8                SystemClock_Config
 .text.MX_SPI1_Init
                0x00000000080005bc       0x6c Core/Src/main.o
 .text.MX_GPIO_Init
                0x0000000008000628       0x84 Core/Src/main.o
 .text.Error_Handler
                0x00000000080006ac        0x8 Core/Src/main.o
                0x00000000080006ac                Error_Handler
 .text.HAL_MspInit
                0x00000000080006b4       0x50 Core/Src/stm32f4xx_hal_msp.o
                0x00000000080006b4                HAL_MspInit
 .text.HAL_SPI_MspInit
                0x0000000008000704       0x90 Core/Src/stm32f4xx_hal_msp.o
                0x0000000008000704                HAL_SPI_MspInit
 .text.NMI_Handler
                0x0000000008000794        0x6 Core/Src/stm32f4xx_it.o
                0x0000000008000794                NMI_Handler
 .text.HardFault_Handler
                0x000000000800079a        0x6 Core/Src/stm32f4xx_it.o
                0x000000000800079a                HardFault_Handler
 .text.MemManage_Handler
                0x00000000080007a0        0x6 Core/Src/stm32f4xx_it.o
                0x00000000080007a0                MemManage_Handler
 .text.BusFault_Handler
                0x00000000080007a6        0x6 Core/Src/stm32f4xx_it.o
                0x00000000080007a6                BusFault_Handler
 .text.UsageFault_Handler
                0x00000000080007ac        0x6 Core/Src/stm32f4xx_it.o
                0x00000000080007ac                UsageFault_Handler
 .text.SVC_Handler
                0x00000000080007b2        0xe Core/Src/stm32f4xx_it.o
                0x00000000080007b2                SVC_Handler
 .text.DebugMon_Handler
                0x00000000080007c0        0xe Core/Src/stm32f4xx_it.o
                0x00000000080007c0                DebugMon_Handler
 .text.PendSV_Handler
                0x00000000080007ce        0xe Core/Src/stm32f4xx_it.o
                0x00000000080007ce                PendSV_Handler
 .text.SysTick_Handler
                0x00000000080007dc        0xc Core/Src/stm32f4xx_it.o
                0x00000000080007dc                SysTick_Handler
 .text.SystemInit
                0x00000000080007e8       0x2c Core/Src/system_stm32f4xx.o
                0x00000000080007e8                SystemInit
 .text.Reset_Handler
                0x0000000008000814       0x50 Core/Startup/startup_stm32f407vgtx.o
                0x0000000008000814                Reset_Handler
 .text.Default_Handler
                0x0000000008000864        0x2 Core/Startup/startup_stm32f407vgtx.o
                0x0000000008000864                RTC_Alarm_IRQHandler
                0x0000000008000864                HASH_RNG_IRQHandler
                0x0000000008000864                EXTI2_IRQHandler
                0x0000000008000864                TIM8_CC_IRQHandler
                0x0000000008000864                TIM1_CC_IRQHandler
                0x0000000008000864                DMA2_Stream5_IRQHandler
                0x0000000008000864                DMA1_Stream5_IRQHandler
                0x0000000008000864                PVD_IRQHandler
                0x0000000008000864                SDIO_IRQHandler
                0x0000000008000864                TAMP_STAMP_IRQHandler
                0x0000000008000864                CAN2_RX1_IRQHandler
                0x0000000008000864                EXTI3_IRQHandler
                0x0000000008000864                TIM8_TRG_COM_TIM14_IRQHandler
                0x0000000008000864                TIM1_UP_TIM10_IRQHandler
                0x0000000008000864                TIM8_UP_TIM13_IRQHandler
                0x0000000008000864                I2C3_ER_IRQHandler
                0x0000000008000864                EXTI0_IRQHandler
                0x0000000008000864                I2C2_EV_IRQHandler
                0x0000000008000864                DMA1_Stream2_IRQHandler
                0x0000000008000864                CAN1_RX0_IRQHandler
                0x0000000008000864                FPU_IRQHandler
                0x0000000008000864                OTG_HS_WKUP_IRQHandler
                0x0000000008000864                CAN2_SCE_IRQHandler
                0x0000000008000864                DMA2_Stream2_IRQHandler
                0x0000000008000864                SPI1_IRQHandler
                0x0000000008000864                TIM6_DAC_IRQHandler
                0x0000000008000864                TIM1_BRK_TIM9_IRQHandler
                0x0000000008000864                DCMI_IRQHandler
                0x0000000008000864                CAN2_RX0_IRQHandler
                0x0000000008000864                DMA2_Stream3_IRQHandler
                0x0000000008000864                USART6_IRQHandler
                0x0000000008000864                USART3_IRQHandler
                0x0000000008000864                CAN1_RX1_IRQHandler
                0x0000000008000864                UART5_IRQHandler
                0x0000000008000864                DMA2_Stream0_IRQHandler
                0x0000000008000864                TIM4_IRQHandler
                0x0000000008000864                I2C1_EV_IRQHandler
                0x0000000008000864                DMA1_Stream6_IRQHandler
                0x0000000008000864                DMA1_Stream1_IRQHandler
                0x0000000008000864                UART4_IRQHandler
                0x0000000008000864                TIM3_IRQHandler
                0x0000000008000864                RCC_IRQHandler
                0x0000000008000864                TIM8_BRK_TIM12_IRQHandler
                0x0000000008000864                Default_Handler
                0x0000000008000864                EXTI15_10_IRQHandler
                0x0000000008000864                ADC_IRQHandler
                0x0000000008000864                DMA1_Stream7_IRQHandler
                0x0000000008000864                TIM7_IRQHandler
                0x0000000008000864                CAN2_TX_IRQHandler
                0x0000000008000864                TIM5_IRQHandler
                0x0000000008000864                DMA2_Stream7_IRQHandler
                0x0000000008000864                I2C3_EV_IRQHandler
                0x0000000008000864                EXTI9_5_IRQHandler
                0x0000000008000864                RTC_WKUP_IRQHandler
                0x0000000008000864                ETH_WKUP_IRQHandler
                0x0000000008000864                SPI2_IRQHandler
                0x0000000008000864                OTG_HS_EP1_IN_IRQHandler
                0x0000000008000864                DMA1_Stream0_IRQHandler
                0x0000000008000864                CAN1_TX_IRQHandler
                0x0000000008000864                EXTI4_IRQHandler
                0x0000000008000864                FSMC_IRQHandler
                0x0000000008000864                ETH_IRQHandler
                0x0000000008000864                OTG_HS_EP1_OUT_IRQHandler
                0x0000000008000864                WWDG_IRQHandler
                0x0000000008000864                TIM2_IRQHandler
                0x0000000008000864                OTG_FS_WKUP_IRQHandler
                0x0000000008000864                TIM1_TRG_COM_TIM11_IRQHandler
                0x0000000008000864                OTG_HS_IRQHandler
                0x0000000008000864                EXTI1_IRQHandler
                0x0000000008000864                USART2_IRQHandler
                0x0000000008000864                I2C2_ER_IRQHandler
                0x0000000008000864                DMA2_Stream1_IRQHandler
                0x0000000008000864                CAN1_SCE_IRQHandler
                0x0000000008000864                FLASH_IRQHandler
                0x0000000008000864                DMA2_Stream4_IRQHandler
                0x0000000008000864                USART1_IRQHandler
                0x0000000008000864                OTG_FS_IRQHandler
                0x0000000008000864                SPI3_IRQHandler
                0x0000000008000864                DMA1_Stream4_IRQHandler
                0x0000000008000864                I2C1_ER_IRQHandler
                0x0000000008000864                DMA2_Stream6_IRQHandler
                0x0000000008000864                DMA1_Stream3_IRQHandler
 *fill*         0x0000000008000866        0x2 
 .text.HAL_Init
                0x0000000008000868       0x44 Drivers/STM32F4xx_HAL_Driver/Src/stm32f4xx_hal.o
                0x0000000008000868                HAL_Init
 .text.HAL_InitTick
                0x00000000080008ac       0x60 Drivers/STM32F4xx_HAL_Driver/Src/stm32f4xx_hal.o
                0x00000000080008ac                HAL_InitTick
 .text.HAL_IncTick
                0x000000000800090c       0x28 Drivers/STM32F4xx_HAL_Driver/Src/stm32f4xx_hal.o
                0x000000000800090c                HAL_IncTick
 .text.HAL_GetTick
                0x0000000008000934       0x18 Drivers/STM32F4xx_HAL_Driver/Src/stm32f4xx_hal.o
                0x0000000008000934                HAL_GetTick
 .text.HAL_Delay
                0x000000000800094c       0x44 Drivers/STM32F4xx_HAL_Driver/Src/stm32f4xx_hal.o
                0x000000000800094c                HAL_Delay
 .text.__NVIC_SetPriorityGrouping
                0x0000000008000990       0x48 Drivers/STM32F4xx_HAL_Driver/Src/stm32f4xx_hal_cortex.o
 .text.__NVIC_GetPriorityGrouping
                0x00000000080009d8       0x1c Drivers/STM32F4xx_HAL_Driver/Src/stm32f4xx_hal_cortex.o
 .text.__NVIC_SetPriority
                0x00000000080009f4       0x54 Drivers/STM32F4xx_HAL_Driver/Src/stm32f4xx_hal_cortex.o
 .text.NVIC_EncodePriority
                0x0000000008000a48       0x66 Drivers/STM32F4xx_HAL_Driver/Src/stm32f4xx_hal_cortex.o
 *fill*         0x0000000008000aae        0x2 
 .text.SysTick_Config
                0x0000000008000ab0       0x44 Drivers/STM32F4xx_HAL_Driver/Src/stm32f4xx_hal_cortex.o
 .text.HAL_NVIC_SetPriorityGrouping
                0x0000000008000af4       0x16 Drivers/STM32F4xx_HAL_Driver/Src/stm32f4xx_hal_cortex.o
                0x0000000008000af4                HAL_NVIC_SetPriorityGrouping
 .text.HAL_NVIC_SetPriority
                0x0000000008000b0a       0x38 Drivers/STM32F4xx_HAL_Driver/Src/stm32f4xx_hal_cortex.o
                0x0000000008000b0a                HAL_NVIC_SetPriority
 .text.HAL_SYSTICK_Config
                0x0000000008000b42       0x18 Drivers/STM32F4xx_HAL_Driver/Src/stm32f4xx_hal_cortex.o
                0x0000000008000b42                HAL_SYSTICK_Config
 *fill*         0x0000000008000b5a        0x2 
 .text.HAL_GPIO_Init
                0x0000000008000b5c      0x334 Drivers/STM32F4xx_HAL_Driver/Src/stm32f4xx_hal_gpio.o
                0x0000000008000b5c                HAL_GPIO_Init
 .text.HAL_GPIO_WritePin
                0x0000000008000e90       0x32 Drivers/STM32F4xx_HAL_Driver/Src/stm32f4xx_hal_gpio.o
                0x0000000008000e90                HAL_GPIO_WritePin
 *fill*         0x0000000008000ec2        0x2 
 .text.HAL_RCC_OscConfig
                0x0000000008000ec4      0x4e0 Drivers/STM32F4xx_HAL_Driver/Src/stm32f4xx_hal_rcc.o
                0x0000000008000ec4                HAL_RCC_OscConfig
 .text.HAL_RCC_ClockConfig
                0x00000000080013a4      0x1cc Drivers/STM32F4xx_HAL_Driver/Src/stm32f4xx_hal_rcc.o
                0x00000000080013a4                HAL_RCC_ClockConfig
 .text.HAL_RCC_GetSysClockFreq
                0x0000000008001570      0x164 Drivers/STM32F4xx_HAL_Driver/Src/stm32f4xx_hal_rcc.o
                0x0000000008001570                HAL_RCC_GetSysClockFreq
 .text.HAL_SPI_Init
                0x00000000080016d4       0xc8 Drivers/STM32F4xx_HAL_Driver/Src/stm32f4xx_hal_spi.o
                0x00000000080016d4                HAL_SPI_Init
 .text.HAL_SPI_Transmit
                0x000000000800179c      0x268 Drivers/STM32F4xx_HAL_Driver/Src/stm32f4xx_hal_spi.o
                0x000000000800179c                HAL_SPI_Transmit
 .text.SPI_WaitFlagStateUntilTimeout
                0x0000000008001a04       0xd4 Drivers/STM32F4xx_HAL_Driver/Src/stm32f4xx_hal_spi.o
 .text.SPI_EndRxTxTransaction
                0x0000000008001ad8       0x84 Drivers/STM32F4xx_HAL_Driver/Src/stm32f4xx_hal_spi.o
 .text.ST7789_WriteCommand
                0x0000000008001b5c       0x48 ST7789/st7789.o
 .text.ST7789_WriteData
                0x0000000008001ba4       0x6c ST7789/st7789.o
 .text.ST7789_WriteSmallData
                0x0000000008001c10       0x48 ST7789/st7789.o
 .text.ST7789_SetRotation
                0x0000000008001c58       0x58 ST7789/st7789.o
                0x0000000008001c58                ST7789_SetRotation
 .text.ST7789_SetAddressWindow
                0x0000000008001cb0       0xb8 ST7789/st7789.o
 .text.ST7789_Init
                0x0000000008001d68      0x13c ST7789/st7789.o
                0x0000000008001d68                ST7789_Init
 .text.ST7789_Fill_Color
                0x0000000008001ea4       0x78 ST7789/st7789.o
                0x0000000008001ea4                ST7789_Fill_Color
 .text.ST7789_DrawPixel
                0x0000000008001f1c       0x68 ST7789/st7789.o
                0x0000000008001f1c                ST7789_DrawPixel
 .text.ST7789_DrawLine
                0x0000000008001f84      0x116 ST7789/st7789.o
                0x0000000008001f84                ST7789_DrawLine
 *fill*         0x000000000800209a        0x2 
 .text.ST7789_DrawRectangle
                0x000000000800209c       0x88 ST7789/st7789.o
                0x000000000800209c                ST7789_DrawRectangle
 .text.ST7789_DrawCircle
                0x0000000008002124      0x1cc ST7789/st7789.o
                0x0000000008002124                ST7789_DrawCircle
 .text.ST7789_DrawImage
                0x00000000080022f0       0xa0 ST7789/st7789.o
                0x00000000080022f0                ST7789_DrawImage
 .text.ST7789_WriteChar
                0x0000000008002390      0x100 ST7789/st7789.o
                0x0000000008002390                ST7789_WriteChar
 .text.ST7789_WriteString
                0x0000000008002490       0xa4 ST7789/st7789.o
                0x0000000008002490                ST7789_WriteString
 .text.ST7789_DrawFilledRectangle
                0x0000000008002534       0xb0 ST7789/st7789.o
                0x0000000008002534                ST7789_DrawFilledRectangle
 .text.ST7789_DrawTriangle
                0x00000000080025e4       0x74 ST7789/st7789.o
                0x00000000080025e4                ST7789_DrawTriangle
 .text.ST7789_DrawFilledTriangle
                0x0000000008002658      0x19c ST7789/st7789.o
                0x0000000008002658                ST7789_DrawFilledTriangle
 .text.ST7789_DrawFilledCircle
                0x00000000080027f4      0x1cc ST7789/st7789.o
                0x00000000080027f4                ST7789_DrawFilledCircle
 .text.ST7789_Test
                0x00000000080029c0      0x35c ST7789/st7789.o
                0x00000000080029c0                ST7789_Test
 .text.__libc_init_array
                0x0000000008002d1c       0x48 /opt/st/stm32cubeide_1.5.0/plugins/com.st.stm32cube.ide.mcu.externaltools.gnu-tools-for-stm32.7-2018-q2-update.linux64_1.5.0.202011040924/tools/bin/../lib/gcc/arm-none-eabi/7.3.1/../../../../arm-none-eabi/lib/thumb/v7e-m/fpv4-sp/hard/libc_nano.a(lib_a-init.o)
                0x0000000008002d1c                __libc_init_array
 .text.memset   0x0000000008002d64       0x10 /opt/st/stm32cubeide_1.5.0/plugins/com.st.stm32cube.ide.mcu.externaltools.gnu-tools-for-stm32.7-2018-q2-update.linux64_1.5.0.202011040924/tools/bin/../lib/gcc/arm-none-eabi/7.3.1/../../../../arm-none-eabi/lib/thumb/v7e-m/fpv4-sp/hard/libc_nano.a(lib_a-memset.o)
                0x0000000008002d64                memset
 *(.glue_7)
 .glue_7        0x0000000008002d74        0x0 linker stubs
 *(.glue_7t)
 .glue_7t       0x0000000008002d74        0x0 linker stubs
 *(.eh_frame)
 .eh_frame      0x0000000008002d74        0x0 /opt/st/stm32cubeide_1.5.0/plugins/com.st.stm32cube.ide.mcu.externaltools.gnu-tools-for-stm32.7-2018-q2-update.linux64_1.5.0.202011040924/tools/bin/../lib/gcc/arm-none-eabi/7.3.1/thumb/v7e-m/fpv4-sp/hard/crtbegin.o
 *(.init)
 .init          0x0000000008002d74        0x4 /opt/st/stm32cubeide_1.5.0/plugins/com.st.stm32cube.ide.mcu.externaltools.gnu-tools-for-stm32.7-2018-q2-update.linux64_1.5.0.202011040924/tools/bin/../lib/gcc/arm-none-eabi/7.3.1/thumb/v7e-m/fpv4-sp/hard/crti.o
                0x0000000008002d74                _init
 .init          0x0000000008002d78        0x8 /opt/st/stm32cubeide_1.5.0/plugins/com.st.stm32cube.ide.mcu.externaltools.gnu-tools-for-stm32.7-2018-q2-update.linux64_1.5.0.202011040924/tools/bin/../lib/gcc/arm-none-eabi/7.3.1/thumb/v7e-m/fpv4-sp/hard/crtn.o
 *(.fini)
 .fini          0x0000000008002d80        0x4 /opt/st/stm32cubeide_1.5.0/plugins/com.st.stm32cube.ide.mcu.externaltools.gnu-tools-for-stm32.7-2018-q2-update.linux64_1.5.0.202011040924/tools/bin/../lib/gcc/arm-none-eabi/7.3.1/thumb/v7e-m/fpv4-sp/hard/crti.o
                0x0000000008002d80                _fini
 .fini          0x0000000008002d84        0x8 /opt/st/stm32cubeide_1.5.0/plugins/com.st.stm32cube.ide.mcu.externaltools.gnu-tools-for-stm32.7-2018-q2-update.linux64_1.5.0.202011040924/tools/bin/../lib/gcc/arm-none-eabi/7.3.1/thumb/v7e-m/fpv4-sp/hard/crtn.o
                0x0000000008002d8c                . = ALIGN (0x4)
                0x0000000008002d8c                _etext = .

.vfp11_veneer   0x0000000008002d8c        0x0
 .vfp11_veneer  0x0000000008002d8c        0x0 linker stubs

.v4_bx          0x0000000008002d8c        0x0
 .v4_bx         0x0000000008002d8c        0x0 linker stubs

.iplt           0x0000000008002d8c        0x0
 .iplt          0x0000000008002d8c        0x0 /opt/st/stm32cubeide_1.5.0/plugins/com.st.stm32cube.ide.mcu.externaltools.gnu-tools-for-stm32.7-2018-q2-update.linux64_1.5.0.202011040924/tools/bin/../lib/gcc/arm-none-eabi/7.3.1/thumb/v7e-m/fpv4-sp/hard/crtbegin.o

.rodata         0x0000000008002d8c     0xa8bc
                0x0000000008002d8c                . = ALIGN (0x4)
 *(.rodata)
 .rodata        0x0000000008002d8c       0x97 ST7789/st7789.o
 *(.rodata*)
 *fill*         0x0000000008002e23        0x1 
 .rodata.AHBPrescTable
                0x0000000008002e24       0x10 Core/Src/system_stm32f4xx.o
                0x0000000008002e24                AHBPrescTable
 .rodata.Font7x10
                0x0000000008002e34      0x76c ST7789/fonts.o
 .rodata.Font11x18
                0x00000000080035a0      0xd5c ST7789/fonts.o
 .rodata.Font16x26
                0x00000000080042fc     0x134c ST7789/fonts.o
 .rodata.saber  0x0000000008005648     0x8000 ST7789/fonts.o
                0x0000000008005648                saber
                0x000000000800d648                . = ALIGN (0x4)

.ARM.extab      0x000000000800d648        0x0
                0x000000000800d648                . = ALIGN (0x4)
 *(.ARM.extab* .gnu.linkonce.armextab.*)
                0x000000000800d648                . = ALIGN (0x4)

.ARM            0x000000000800d648        0x8
                0x000000000800d648                . = ALIGN (0x4)
                0x000000000800d648                __exidx_start = .
 *(.ARM.exidx*)
 .ARM.exidx     0x000000000800d648        0x8 /opt/st/stm32cubeide_1.5.0/plugins/com.st.stm32cube.ide.mcu.externaltools.gnu-tools-for-stm32.7-2018-q2-update.linux64_1.5.0.202011040924/tools/bin/../lib/gcc/arm-none-eabi/7.3.1/thumb/v7e-m/fpv4-sp/hard/libgcc.a(_udivmoddi4.o)
                0x000000000800d650                __exidx_end = .
                0x000000000800d650                . = ALIGN (0x4)

.rel.dyn        0x000000000800d650        0x0
 .rel.iplt      0x000000000800d650        0x0 /opt/st/stm32cubeide_1.5.0/plugins/com.st.stm32cube.ide.mcu.externaltools.gnu-tools-for-stm32.7-2018-q2-update.linux64_1.5.0.202011040924/tools/bin/../lib/gcc/arm-none-eabi/7.3.1/thumb/v7e-m/fpv4-sp/hard/crtbegin.o

.preinit_array  0x000000000800d650        0x0
                0x000000000800d650                . = ALIGN (0x4)
                0x000000000800d650                PROVIDE (__preinit_array_start = .)
 *(.preinit_array*)
                0x000000000800d650                PROVIDE (__preinit_array_end = .)
                0x000000000800d650                . = ALIGN (0x4)

.init_array     0x000000000800d650        0x4
                0x000000000800d650                . = ALIGN (0x4)
                0x000000000800d650                PROVIDE (__init_array_start = .)
 *(SORT_BY_NAME(.init_array.*))
 *(.init_array*)
 .init_array    0x000000000800d650        0x4 /opt/st/stm32cubeide_1.5.0/plugins/com.st.stm32cube.ide.mcu.externaltools.gnu-tools-for-stm32.7-2018-q2-update.linux64_1.5.0.202011040924/tools/bin/../lib/gcc/arm-none-eabi/7.3.1/thumb/v7e-m/fpv4-sp/hard/crtbegin.o
                0x000000000800d654                PROVIDE (__init_array_end = .)
                0x000000000800d654                . = ALIGN (0x4)

.fini_array     0x000000000800d654        0x4
                0x000000000800d654                . = ALIGN (0x4)
                [!provide]                        PROVIDE (__fini_array_start = .)
 *(SORT_BY_NAME(.fini_array.*))
 *(.fini_array*)
 .fini_array    0x000000000800d654        0x4 /opt/st/stm32cubeide_1.5.0/plugins/com.st.stm32cube.ide.mcu.externaltools.gnu-tools-for-stm32.7-2018-q2-update.linux64_1.5.0.202011040924/tools/bin/../lib/gcc/arm-none-eabi/7.3.1/thumb/v7e-m/fpv4-sp/hard/crtbegin.o
                [!provide]                        PROVIDE (__fini_array_end = .)
                0x000000000800d658                . = ALIGN (0x4)
                0x000000000800d658                _sidata = LOADADDR (.data)

.data           0x0000000020000000       0x24 load address 0x000000000800d658
                0x0000000020000000                . = ALIGN (0x4)
                0x0000000020000000                _sdata = .
 *(.data)
 *(.data*)
 .data.SystemCoreClock
                0x0000000020000000        0x4 Core/Src/system_stm32f4xx.o
                0x0000000020000000                SystemCoreClock
 .data.uwTickPrio
                0x0000000020000004        0x4 Drivers/STM32F4xx_HAL_Driver/Src/stm32f4xx_hal.o
                0x0000000020000004                uwTickPrio
 .data.uwTickFreq
                0x0000000020000008        0x1 Drivers/STM32F4xx_HAL_Driver/Src/stm32f4xx_hal.o
                0x0000000020000008                uwTickFreq
 *fill*         0x0000000020000009        0x3 
 .data.Font_7x10
                0x000000002000000c        0x8 ST7789/fonts.o
                0x000000002000000c                Font_7x10
 .data.Font_11x18
                0x0000000020000014        0x8 ST7789/fonts.o
                0x0000000020000014                Font_11x18
 .data.Font_16x26
                0x000000002000001c        0x8 ST7789/fonts.o
                0x000000002000001c                Font_16x26
 *(.RamFunc)
 *(.RamFunc*)
                0x0000000020000024                . = ALIGN (0x4)
                0x0000000020000024                _edata = .

.igot.plt       0x0000000020000024        0x0 load address 0x000000000800d67c
 .igot.plt      0x0000000020000024        0x0 /opt/st/stm32cubeide_1.5.0/plugins/com.st.stm32cube.ide.mcu.externaltools.gnu-tools-for-stm32.7-2018-q2-update.linux64_1.5.0.202011040924/tools/bin/../lib/gcc/arm-none-eabi/7.3.1/thumb/v7e-m/fpv4-sp/hard/crtbegin.o
                0x0000000020000024                . = ALIGN (0x4)

.bss            0x0000000020000024       0x78 load address 0x000000000800d67c
                0x0000000020000024                _sbss = .
                0x0000000020000024                __bss_start__ = _sbss
 *(.bss)
 .bss           0x0000000020000024       0x1c /opt/st/stm32cubeide_1.5.0/plugins/com.st.stm32cube.ide.mcu.externaltools.gnu-tools-for-stm32.7-2018-q2-update.linux64_1.5.0.202011040924/tools/bin/../lib/gcc/arm-none-eabi/7.3.1/thumb/v7e-m/fpv4-sp/hard/crtbegin.o
 *(.bss*)
 *(COMMON)
 COMMON         0x0000000020000040       0x58 Core/Src/main.o
                0x0000000020000040                hspi1
 COMMON         0x0000000020000098        0x4 Drivers/STM32F4xx_HAL_Driver/Src/stm32f4xx_hal.o
                0x0000000020000098                uwTick
                0x000000002000009c                . = ALIGN (0x4)
                0x000000002000009c                _ebss = .
                0x000000002000009c                __bss_end__ = _ebss

._user_heap_stack
                0x000000002000009c      0x604 load address 0x000000000800d67c
                0x00000000200000a0                . = ALIGN (0x8)
 *fill*         0x000000002000009c        0x4 
                [!provide]                        PROVIDE (end = .)
                0x00000000200000a0                PROVIDE (_end = .)
                0x00000000200002a0                . = (. + _Min_Heap_Size)
 *fill*         0x00000000200000a0      0x200 
                0x00000000200006a0                . = (. + _Min_Stack_Size)
 *fill*         0x00000000200002a0      0x400 
                0x00000000200006a0                . = ALIGN (0x8)

/DISCARD/
 libc.a(*)
 libm.a(*)
 libgcc.a(*)

.ARM.attributes
                0x0000000000000000       0x30
 *(.ARM.attributes)
 .ARM.attributes
                0x0000000000000000       0x22 /opt/st/stm32cubeide_1.5.0/plugins/com.st.stm32cube.ide.mcu.externaltools.gnu-tools-for-stm32.7-2018-q2-update.linux64_1.5.0.202011040924/tools/bin/../lib/gcc/arm-none-eabi/7.3.1/thumb/v7e-m/fpv4-sp/hard/crti.o
 .ARM.attributes
                0x0000000000000022       0x34 /opt/st/stm32cubeide_1.5.0/plugins/com.st.stm32cube.ide.mcu.externaltools.gnu-tools-for-stm32.7-2018-q2-update.linux64_1.5.0.202011040924/tools/bin/../lib/gcc/arm-none-eabi/7.3.1/thumb/v7e-m/fpv4-sp/hard/crtbegin.o
 .ARM.attributes
                0x0000000000000056       0x39 Core/Src/main.o
 .ARM.attributes
                0x000000000000008f       0x39 Core/Src/stm32f4xx_hal_msp.o
 .ARM.attributes
                0x00000000000000c8       0x39 Core/Src/stm32f4xx_it.o
 .ARM.attributes
                0x0000000000000101       0x39 Core/Src/system_stm32f4xx.o
 .ARM.attributes
                0x000000000000013a       0x21 Core/Startup/startup_stm32f407vgtx.o
 .ARM.attributes
                0x000000000000015b       0x39 Drivers/STM32F4xx_HAL_Driver/Src/stm32f4xx_hal.o
 .ARM.attributes
                0x0000000000000194       0x39 Drivers/STM32F4xx_HAL_Driver/Src/stm32f4xx_hal_cortex.o
 .ARM.attributes
                0x00000000000001cd       0x39 Drivers/STM32F4xx_HAL_Driver/Src/stm32f4xx_hal_gpio.o
 .ARM.attributes
                0x0000000000000206       0x39 Drivers/STM32F4xx_HAL_Driver/Src/stm32f4xx_hal_rcc.o
 .ARM.attributes
                0x000000000000023f       0x39 Drivers/STM32F4xx_HAL_Driver/Src/stm32f4xx_hal_spi.o
 .ARM.attributes
                0x0000000000000278       0x39 ST7789/fonts.o
 .ARM.attributes
                0x00000000000002b1       0x39 ST7789/st7789.o
 .ARM.attributes
                0x00000000000002ea       0x34 /opt/st/stm32cubeide_1.5.0/plugins/com.st.stm32cube.ide.mcu.externaltools.gnu-tools-for-stm32.7-2018-q2-update.linux64_1.5.0.202011040924/tools/bin/../lib/gcc/arm-none-eabi/7.3.1/../../../../arm-none-eabi/lib/thumb/v7e-m/fpv4-sp/hard/libc_nano.a(lib_a-init.o)
 .ARM.attributes
                0x000000000000031e       0x34 /opt/st/stm32cubeide_1.5.0/plugins/com.st.stm32cube.ide.mcu.externaltools.gnu-tools-for-stm32.7-2018-q2-update.linux64_1.5.0.202011040924/tools/bin/../lib/gcc/arm-none-eabi/7.3.1/../../../../arm-none-eabi/lib/thumb/v7e-m/fpv4-sp/hard/libc_nano.a(lib_a-memset.o)
 .ARM.attributes
                0x0000000000000352       0x22 /opt/st/stm32cubeide_1.5.0/plugins/com.st.stm32cube.ide.mcu.externaltools.gnu-tools-for-stm32.7-2018-q2-update.linux64_1.5.0.202011040924/tools/bin/../lib/gcc/arm-none-eabi/7.3.1/thumb/v7e-m/fpv4-sp/hard/libgcc.a(_aeabi_uldivmod.o)
 .ARM.attributes
                0x0000000000000374       0x34 /opt/st/stm32cubeide_1.5.0/plugins/com.st.stm32cube.ide.mcu.externaltools.gnu-tools-for-stm32.7-2018-q2-update.linux64_1.5.0.202011040924/tools/bin/../lib/gcc/arm-none-eabi/7.3.1/thumb/v7e-m/fpv4-sp/hard/libgcc.a(_udivmoddi4.o)
 .ARM.attributes
                0x00000000000003a8       0x22 /opt/st/stm32cubeide_1.5.0/plugins/com.st.stm32cube.ide.mcu.externaltools.gnu-tools-for-stm32.7-2018-q2-update.linux64_1.5.0.202011040924/tools/bin/../lib/gcc/arm-none-eabi/7.3.1/thumb/v7e-m/fpv4-sp/hard/libgcc.a(_dvmd_tls.o)
 .ARM.attributes
                0x00000000000003ca       0x22 /opt/st/stm32cubeide_1.5.0/plugins/com.st.stm32cube.ide.mcu.externaltools.gnu-tools-for-stm32.7-2018-q2-update.linux64_1.5.0.202011040924/tools/bin/../lib/gcc/arm-none-eabi/7.3.1/thumb/v7e-m/fpv4-sp/hard/crtn.o
OUTPUT(tftSurucuTest.elf elf32-littlearm)

.debug_info     0x0000000000000000     0x6ecd
 .debug_info    0x0000000000000000      0xc0c Core/Src/main.o
 .debug_info    0x0000000000000c0c      0x9ae Core/Src/stm32f4xx_hal_msp.o
 .debug_info    0x00000000000015ba      0x20a Core/Src/stm32f4xx_it.o
 .debug_info    0x00000000000017c4      0x554 Core/Src/system_stm32f4xx.o
 .debug_info    0x0000000000001d18       0x22 Core/Startup/startup_stm32f407vgtx.o
 .debug_info    0x0000000000001d3a      0x945 Drivers/STM32F4xx_HAL_Driver/Src/stm32f4xx_hal.o
 .debug_info    0x000000000000267f      0xe28 Drivers/STM32F4xx_HAL_Driver/Src/stm32f4xx_hal_cortex.o
 .debug_info    0x00000000000034a7      0x7b5 Drivers/STM32F4xx_HAL_Driver/Src/stm32f4xx_hal_gpio.o
 .debug_info    0x0000000000003c5c      0x904 Drivers/STM32F4xx_HAL_Driver/Src/stm32f4xx_hal_rcc.o
 .debug_info    0x0000000000004560     0x163a Drivers/STM32F4xx_HAL_Driver/Src/stm32f4xx_hal_spi.o
 .debug_info    0x0000000000005b9a      0x1cb ST7789/fonts.o
 .debug_info    0x0000000000005d65     0x1168 ST7789/st7789.o

.debug_abbrev   0x0000000000000000     0x1377
 .debug_abbrev  0x0000000000000000      0x1f7 Core/Src/main.o
 .debug_abbrev  0x00000000000001f7      0x18c Core/Src/stm32f4xx_hal_msp.o
 .debug_abbrev  0x0000000000000383       0xc6 Core/Src/stm32f4xx_it.o
 .debug_abbrev  0x0000000000000449      0x12b Core/Src/system_stm32f4xx.o
 .debug_abbrev  0x0000000000000574       0x12 Core/Startup/startup_stm32f407vgtx.o
 .debug_abbrev  0x0000000000000586      0x1c7 Drivers/STM32F4xx_HAL_Driver/Src/stm32f4xx_hal.o
 .debug_abbrev  0x000000000000074d      0x2fa Drivers/STM32F4xx_HAL_Driver/Src/stm32f4xx_hal_cortex.o
 .debug_abbrev  0x0000000000000a47      0x1c9 Drivers/STM32F4xx_HAL_Driver/Src/stm32f4xx_hal_gpio.o
 .debug_abbrev  0x0000000000000c10      0x245 Drivers/STM32F4xx_HAL_Driver/Src/stm32f4xx_hal_rcc.o
 .debug_abbrev  0x0000000000000e55      0x240 Drivers/STM32F4xx_HAL_Driver/Src/stm32f4xx_hal_spi.o
 .debug_abbrev  0x0000000000001095       0xaf ST7789/fonts.o
 .debug_abbrev  0x0000000000001144      0x233 ST7789/st7789.o

.debug_aranges  0x0000000000000000      0x6c0
 .debug_aranges
                0x0000000000000000       0x40 Core/Src/main.o
 .debug_aranges
                0x0000000000000040       0x30 Core/Src/stm32f4xx_hal_msp.o
 .debug_aranges
                0x0000000000000070       0x60 Core/Src/stm32f4xx_it.o
 .debug_aranges
                0x00000000000000d0       0x28 Core/Src/system_stm32f4xx.o
 .debug_aranges
                0x00000000000000f8       0x28 Core/Startup/startup_stm32f407vgtx.o
 .debug_aranges
                0x0000000000000120       0xf0 Drivers/STM32F4xx_HAL_Driver/Src/stm32f4xx_hal.o
 .debug_aranges
                0x0000000000000210      0x118 Drivers/STM32F4xx_HAL_Driver/Src/stm32f4xx_hal_cortex.o
 .debug_aranges
                0x0000000000000328       0x58 Drivers/STM32F4xx_HAL_Driver/Src/stm32f4xx_hal_gpio.o
 .debug_aranges
                0x0000000000000380       0x88 Drivers/STM32F4xx_HAL_Driver/Src/stm32f4xx_hal_rcc.o
 .debug_aranges
                0x0000000000000408      0x1d0 Drivers/STM32F4xx_HAL_Driver/Src/stm32f4xx_hal_spi.o
 .debug_aranges
                0x00000000000005d8       0x18 ST7789/fonts.o
 .debug_aranges
                0x00000000000005f0       0xd0 ST7789/st7789.o

.debug_ranges   0x0000000000000000      0x600
 .debug_ranges  0x0000000000000000       0x30 Core/Src/main.o
 .debug_ranges  0x0000000000000030       0x20 Core/Src/stm32f4xx_hal_msp.o
 .debug_ranges  0x0000000000000050       0x50 Core/Src/stm32f4xx_it.o
 .debug_ranges  0x00000000000000a0       0x18 Core/Src/system_stm32f4xx.o
 .debug_ranges  0x00000000000000b8       0x20 Core/Startup/startup_stm32f407vgtx.o
 .debug_ranges  0x00000000000000d8       0xe0 Drivers/STM32F4xx_HAL_Driver/Src/stm32f4xx_hal.o
 .debug_ranges  0x00000000000001b8      0x108 Drivers/STM32F4xx_HAL_Driver/Src/stm32f4xx_hal_cortex.o
 .debug_ranges  0x00000000000002c0       0x48 Drivers/STM32F4xx_HAL_Driver/Src/stm32f4xx_hal_gpio.o
 .debug_ranges  0x0000000000000308       0x78 Drivers/STM32F4xx_HAL_Driver/Src/stm32f4xx_hal_rcc.o
 .debug_ranges  0x0000000000000380      0x1c0 Drivers/STM32F4xx_HAL_Driver/Src/stm32f4xx_hal_spi.o
 .debug_ranges  0x0000000000000540       0xc0 ST7789/st7789.o

.debug_macro    0x0000000000000000    0x1f4e0
 .debug_macro   0x0000000000000000      0x1e2 Core/Src/main.o
 .debug_macro   0x00000000000001e2      0xa5a Core/Src/main.o
 .debug_macro   0x0000000000000c3c      0x28e Core/Src/main.o
 .debug_macro   0x0000000000000eca       0x2e Core/Src/main.o
 .debug_macro   0x0000000000000ef8       0x2f Core/Src/main.o
 .debug_macro   0x0000000000000f27       0x22 Core/Src/main.o
 .debug_macro   0x0000000000000f49       0x8e Core/Src/main.o
 .debug_macro   0x0000000000000fd7       0x51 Core/Src/main.o
 .debug_macro   0x0000000000001028       0xef Core/Src/main.o
 .debug_macro   0x0000000000001117       0x6a Core/Src/main.o
 .debug_macro   0x0000000000001181      0x1df Core/Src/main.o
 .debug_macro   0x0000000000001360       0x1c Core/Src/main.o
 .debug_macro   0x000000000000137c       0x22 Core/Src/main.o
 .debug_macro   0x000000000000139e       0xdf Core/Src/main.o
 .debug_macro   0x000000000000147d     0x102d Core/Src/main.o
 .debug_macro   0x00000000000024aa      0x11f Core/Src/main.o
 .debug_macro   0x00000000000025c9    0x15e3c Core/Src/main.o
 .debug_macro   0x0000000000018405       0x43 Core/Src/main.o
 .debug_macro   0x0000000000018448     0x3659 Core/Src/main.o
 .debug_macro   0x000000000001baa1      0x174 Core/Src/main.o
 .debug_macro   0x000000000001bc15       0x5a Core/Src/main.o
 .debug_macro   0x000000000001bc6f      0x96b Core/Src/main.o
 .debug_macro   0x000000000001c5da      0x9fe Core/Src/main.o
 .debug_macro   0x000000000001cfd8      0x117 Core/Src/main.o
 .debug_macro   0x000000000001d0ef      0x13e Core/Src/main.o
 .debug_macro   0x000000000001d22d       0x27 Core/Src/main.o
 .debug_macro   0x000000000001d254      0x174 Core/Src/main.o
 .debug_macro   0x000000000001d3c8      0x287 Core/Src/main.o
 .debug_macro   0x000000000001d64f       0x5f Core/Src/main.o
 .debug_macro   0x000000000001d6ae      0x236 Core/Src/main.o
 .debug_macro   0x000000000001d8e4      0x12c Core/Src/main.o
 .debug_macro   0x000000000001da10      0x21e Core/Src/main.o
 .debug_macro   0x000000000001dc2e       0x2e Core/Src/main.o
 .debug_macro   0x000000000001dc5c      0x11a Core/Src/main.o
 .debug_macro   0x000000000001dd76       0x7e Core/Src/main.o
 .debug_macro   0x000000000001ddf4       0x89 Core/Src/main.o
 .debug_macro   0x000000000001de7d      0x225 Core/Src/main.o
 .debug_macro   0x000000000001e0a2      0x12d Core/Src/main.o
 .debug_macro   0x000000000001e1cf       0x28 Core/Src/main.o
 .debug_macro   0x000000000001e1f7      0x1d3 Core/Src/main.o
 .debug_macro   0x000000000001e3ca      0x1c9 Core/Src/stm32f4xx_hal_msp.o
 .debug_macro   0x000000000001e593      0x1d3 Core/Src/stm32f4xx_it.o
 .debug_macro   0x000000000001e766      0x1c0 Core/Src/system_stm32f4xx.o
 .debug_macro   0x000000000001e926      0x21a Drivers/STM32F4xx_HAL_Driver/Src/stm32f4xx_hal.o
 .debug_macro   0x000000000001eb40      0x1ba Drivers/STM32F4xx_HAL_Driver/Src/stm32f4xx_hal_cortex.o
 .debug_macro   0x000000000001ecfa      0x1f0 Drivers/STM32F4xx_HAL_Driver/Src/stm32f4xx_hal_gpio.o
 .debug_macro   0x000000000001eeea      0x1de Drivers/STM32F4xx_HAL_Driver/Src/stm32f4xx_hal_rcc.o
 .debug_macro   0x000000000001f0c8      0x1c9 Drivers/STM32F4xx_HAL_Driver/Src/stm32f4xx_hal_spi.o
 .debug_macro   0x000000000001f291       0x6d ST7789/fonts.o
 .debug_macro   0x000000000001f2fe      0x1e2 ST7789/st7789.o

.debug_line     0x0000000000000000     0x5cc8
 .debug_line    0x0000000000000000      0x72d Core/Src/main.o
 .debug_line    0x000000000000072d      0x69a Core/Src/stm32f4xx_hal_msp.o
 .debug_line    0x0000000000000dc7      0x713 Core/Src/stm32f4xx_it.o
 .debug_line    0x00000000000014da      0x686 Core/Src/system_stm32f4xx.o
 .debug_line    0x0000000000001b60       0x85 Core/Startup/startup_stm32f407vgtx.o
 .debug_line    0x0000000000001be5      0x870 Drivers/STM32F4xx_HAL_Driver/Src/stm32f4xx_hal.o
 .debug_line    0x0000000000002455      0x994 Drivers/STM32F4xx_HAL_Driver/Src/stm32f4xx_hal_cortex.o
 .debug_line    0x0000000000002de9      0x84f Drivers/STM32F4xx_HAL_Driver/Src/stm32f4xx_hal_gpio.o
 .debug_line    0x0000000000003638      0x8c8 Drivers/STM32F4xx_HAL_Driver/Src/stm32f4xx_hal_rcc.o
 .debug_line    0x0000000000003f00     0x102c Drivers/STM32F4xx_HAL_Driver/Src/stm32f4xx_hal_spi.o
 .debug_line    0x0000000000004f2c      0x358 ST7789/fonts.o
 .debug_line    0x0000000000005284      0xa44 ST7789/st7789.o

.debug_str      0x0000000000000000    0xbddd5
 .debug_str     0x0000000000000000    0xbc149 Core/Src/main.o
                                      0xbc428 (size before relaxing)
 .debug_str     0x00000000000bc149       0x53 Core/Src/stm32f4xx_hal_msp.o
                                      0xbbbbe (size before relaxing)
 .debug_str     0x00000000000bc19c       0xbd Core/Src/stm32f4xx_it.o
                                      0xbb681 (size before relaxing)
 .debug_str     0x00000000000bc259       0xc4 Core/Src/system_stm32f4xx.o
                                      0xbb6df (size before relaxing)
 .debug_str     0x00000000000bc31d       0x36 Core/Startup/startup_stm32f407vgtx.o
                                         0x62 (size before relaxing)
 .debug_str     0x00000000000bc353      0xa5e Drivers/STM32F4xx_HAL_Driver/Src/stm32f4xx_hal.o
                                      0xbc1ac (size before relaxing)
 .debug_str     0x00000000000bcdb1      0x399 Drivers/STM32F4xx_HAL_Driver/Src/stm32f4xx_hal_cortex.o
                                      0xbbf9b (size before relaxing)
 .debug_str     0x00000000000bd14a      0x20c Drivers/STM32F4xx_HAL_Driver/Src/stm32f4xx_hal_gpio.o
                                      0xbb91e (size before relaxing)
 .debug_str     0x00000000000bd356      0x259 Drivers/STM32F4xx_HAL_Driver/Src/stm32f4xx_hal_rcc.o
                                      0xbbacc (size before relaxing)
 .debug_str     0x00000000000bd5af      0x565 Drivers/STM32F4xx_HAL_Driver/Src/stm32f4xx_hal_spi.o
                                      0xbbf4d (size before relaxing)
 .debug_str     0x00000000000bdb14       0x2f ST7789/fonts.o
                                       0x3c6d (size before relaxing)
 .debug_str     0x00000000000bdb43      0x292 ST7789/st7789.o
                                      0xbc3f5 (size before relaxing)

.comment        0x0000000000000000       0x7b
 .comment       0x0000000000000000       0x7b Core/Src/main.o
                                         0x7c (size before relaxing)
 .comment       0x000000000000007b       0x7c Core/Src/stm32f4xx_hal_msp.o
 .comment       0x000000000000007b       0x7c Core/Src/stm32f4xx_it.o
 .comment       0x000000000000007b       0x7c Core/Src/system_stm32f4xx.o
 .comment       0x000000000000007b       0x7c Drivers/STM32F4xx_HAL_Driver/Src/stm32f4xx_hal.o
 .comment       0x000000000000007b       0x7c Drivers/STM32F4xx_HAL_Driver/Src/stm32f4xx_hal_cortex.o
 .comment       0x000000000000007b       0x7c Drivers/STM32F4xx_HAL_Driver/Src/stm32f4xx_hal_gpio.o
 .comment       0x000000000000007b       0x7c Drivers/STM32F4xx_HAL_Driver/Src/stm32f4xx_hal_rcc.o
 .comment       0x000000000000007b       0x7c Drivers/STM32F4xx_HAL_Driver/Src/stm32f4xx_hal_spi.o
 .comment       0x000000000000007b       0x7c ST7789/fonts.o
 .comment       0x000000000000007b       0x7c ST7789/st7789.o

.debug_frame    0x0000000000000000     0x1a34
 .debug_frame   0x0000000000000000       0xa8 Core/Src/main.o
 .debug_frame   0x00000000000000a8       0x80 Core/Src/stm32f4xx_hal_msp.o
 .debug_frame   0x0000000000000128      0x104 Core/Src/stm32f4xx_it.o
 .debug_frame   0x000000000000022c       0x58 Core/Src/system_stm32f4xx.o
 .debug_frame   0x0000000000000284      0x374 Drivers/STM32F4xx_HAL_Driver/Src/stm32f4xx_hal.o
 .debug_frame   0x00000000000005f8      0x498 Drivers/STM32F4xx_HAL_Driver/Src/stm32f4xx_hal_cortex.o
 .debug_frame   0x0000000000000a90      0x14c Drivers/STM32F4xx_HAL_Driver/Src/stm32f4xx_hal_gpio.o
 .debug_frame   0x0000000000000bdc      0x1f0 Drivers/STM32F4xx_HAL_Driver/Src/stm32f4xx_hal_rcc.o
 .debug_frame   0x0000000000000dcc      0x824 Drivers/STM32F4xx_HAL_Driver/Src/stm32f4xx_hal_spi.o
 .debug_frame   0x00000000000015f0      0x398 ST7789/st7789.o
 .debug_frame   0x0000000000001988       0x2c /opt/st/stm32cubeide_1.5.0/plugins/com.st.stm32cube.ide.mcu.externaltools.gnu-tools-for-stm32.7-2018-q2-update.linux64_1.5.0.202011040924/tools/bin/../lib/gcc/arm-none-eabi/7.3.1/../../../../arm-none-eabi/lib/thumb/v7e-m/fpv4-sp/hard/libc_nano.a(lib_a-init.o)
 .debug_frame   0x00000000000019b4       0x20 /opt/st/stm32cubeide_1.5.0/plugins/com.st.stm32cube.ide.mcu.externaltools.gnu-tools-for-stm32.7-2018-q2-update.linux64_1.5.0.202011040924/tools/bin/../lib/gcc/arm-none-eabi/7.3.1/../../../../arm-none-eabi/lib/thumb/v7e-m/fpv4-sp/hard/libc_nano.a(lib_a-memset.o)
 .debug_frame   0x00000000000019d4       0x2c /opt/st/stm32cubeide_1.5.0/plugins/com.st.stm32cube.ide.mcu.externaltools.gnu-tools-for-stm32.7-2018-q2-update.linux64_1.5.0.202011040924/tools/bin/../lib/gcc/arm-none-eabi/7.3.1/thumb/v7e-m/fpv4-sp/hard/libgcc.a(_aeabi_uldivmod.o)
 .debug_frame   0x0000000000001a00       0x34 /opt/st/stm32cubeide_1.5.0/plugins/com.st.stm32cube.ide.mcu.externaltools.gnu-tools-for-stm32.7-2018-q2-update.linux64_1.5.0.202011040924/tools/bin/../lib/gcc/arm-none-eabi/7.3.1/thumb/v7e-m/fpv4-sp/hard/libgcc.a(_udivmoddi4.o)
